[2025-07-24 17:16:05 +0000] [26699] [INFO] Starting gunicorn 21.2.0
[2025-07-24 17:16:05 +0000] [26699] [INFO] Listening at: http://127.0.0.1:8000 (26699)
[2025-07-24 17:16:05 +0000] [26699] [INFO] Using worker: sync
[2025-07-24 17:16:05 +0000] [26700] [INFO] Booting worker with pid: 26700
[2025-07-24 17:16:05 +0000] [26700] [ERROR] Exception in worker process
Traceback (most recent call last):
  File "/home/ubuntu/Segritech/venv/lib/python3.12/site-packages/gunicorn/arbiter.py", line 609, in spawn_worker
    worker.init_process()
  File "/home/ubuntu/Segritech/venv/lib/python3.12/site-packages/gunicorn/workers/base.py", line 134, in init_process
    self.load_wsgi()
  File "/home/ubuntu/Segritech/venv/lib/python3.12/site-packages/gunicorn/workers/base.py", line 146, in load_wsgi
    self.wsgi = self.app.wsgi()
                ^^^^^^^^^^^^^^^
  File "/home/ubuntu/Segritech/venv/lib/python3.12/site-packages/gunicorn/app/base.py", line 67, in wsgi
    self.callable = self.load()
                    ^^^^^^^^^^^
  File "/home/ubuntu/Segritech/venv/lib/python3.12/site-packages/gunicorn/app/wsgiapp.py", line 58, in load
    return self.load_wsgiapp()
           ^^^^^^^^^^^^^^^^^^^
  File "/home/ubuntu/Segritech/venv/lib/python3.12/site-packages/gunicorn/app/wsgiapp.py", line 48, in load_wsgiapp
    return util.import_app(self.app_uri)
           ^^^^^^^^^^^^^^^^^^^^^^^^^^^^^
  File "/home/ubuntu/Segritech/venv/lib/python3.12/site-packages/gunicorn/util.py", line 371, in import_app
    mod = importlib.import_module(module)
          ^^^^^^^^^^^^^^^^^^^^^^^^^^^^^^^
  File "/usr/lib/python3.12/importlib/__init__.py", line 90, in import_module
    return _bootstrap._gcd_import(name[level:], package, level)
           ^^^^^^^^^^^^^^^^^^^^^^^^^^^^^^^^^^^^^^^^^^^^^^^^^^^^
  File "<frozen importlib._bootstrap>", line 1387, in _gcd_import
  File "<frozen importlib._bootstrap>", line 1360, in _find_and_load
  File "<frozen importlib._bootstrap>", line 1310, in _find_and_load_unlocked
  File "<frozen importlib._bootstrap>", line 488, in _call_with_frames_removed
  File "<frozen importlib._bootstrap>", line 1387, in _gcd_import
  File "<frozen importlib._bootstrap>", line 1360, in _find_and_load
  File "<frozen importlib._bootstrap>", line 1324, in _find_and_load_unlocked
ModuleNotFoundError: No module named 'segritech'
[2025-07-24 17:16:05 +0000] [26700] [INFO] Worker exiting (pid: 26700)
[2025-07-24 17:16:05 +0000] [26699] [ERROR] Worker (pid:26700) exited with code 3
[2025-07-24 17:16:05 +0000] [26699] [ERROR] Shutting down: Master
[2025-07-24 17:16:05 +0000] [26699] [ERROR] Reason: Worker failed to boot.
